Traceback (most recent call last):
  File "/home/runner/work/gcAllocator/gcAllocator/setup.py", line 26, in <module>
    from torch.utils.cpp_extension import BuildExtension, CUDAExtension
ModuleNotFoundError: No module named 'torch'
